[backblue.gif]
[fade.gif]
[index.html]
[cdn.adf.ly/images/banners/adfly.350x19.1.png]
[jtrent238.weebly.com/uploads/3/7/1/0/37102619/3743978_orig.jpg]
[jtrent238.weebly.com/uploads/3/7/1/0/37102619/8812401a4a0.png]
[jtrent238.weebly.com/uploads/3/7/1/0/37102619/3480774_orig.jpg]
[cdn.adf.ly/images/banners/adfly.728x90.1.gif]
[cdn.adf.ly/images/banners/adfly.728x90.2.gif]
[cdn2.editmysite.com/css/sites4aea.css]
[cdn1.editmysite.com/editor/libraries/fancybox/fancybox22cb.css]
[jtrent238.weebly.com/files/main_style66a9.css]
[jtrent238.weebly.com/uploads/3/7/1/0/37102619/header_images/1406408255.jpg]
[ajax.googleapis.com/ajax/libs/jquery/1.8.3/jquery.min.js]
[cdn2.editmysite.com/js/site/main4aea.js]
[cdn2.editmysite.com/js/site/commerce-core4aea.js]
[cdn2.editmysite.com/js/site/main-commerce-browse4aea.js]
[jtrent238.weebly.com/uploads/3/7/1/0/37102619/minecraft_launcher.exe]
[apis.google.com/js/platform.js]
[static.polldaddy.com/p/8209174457f.js]
[jtrent238.weebly.com/uploads/3/7/1/0/37102619/jtrent238_creeper_skin_minecraft.png]
[www.weebly.com/weebly/images/file_icons/image.png]
[jtrent238.weebly.com/uploads/3/7/1/0/37102619/jtrent238_creeper_skin_minecraft.txt]
[www.weebly.com/weebly/images/file_icons/txt.png]
[jtrent238.weebly.com/uploads/3/7/1/0/37102619/-minecraft.swf]
[jtrent238.weebly.com/uploads/3/7/1/0/37102619/avast_free_antivirus_setup_online.exe]
[jtrent238.weebly.com/uploads/3/7/1/0/37102619/minecraft_1.exe]
[www.weebly.com/weebly/images/file_icons/exe.png]
[counter7.allfreecounter.com/private/counterc241.html]
[connect.facebook.net/en_US/sdk.js]
[cdn2.editmysite.com/js/site/footerSignupab0c.js]
[cdn.adf.ly/js/display.js]
[pixel.quantserve.com/pixel/p-0dYLvhSGGqUWo1b41.gif]
[jtrent238.weebly.com/index.html]
[jtrent238.weebly.com/www.weebly.com/weebly/images/file_icons/image.html]
[jtrent238.weebly.com/www.weebly.com/weebly/images/file_icons/txt.html]
[jtrent238.weebly.com/www.weebly.com/weebly/images/file_icons/exe.html]
[cdn2.editmysite.com/images/common/buttons/small_greyee4c.png]
[cdn2.editmysite.com/images/common/buttons/small_blueee4c.png]
[cdn2.editmysite.com/images/common/buttons/large_greyee4c.png]
[cdn2.editmysite.com/images/common/buttons/large_blueee4c.png]
[cdn2.editmysite.com/images/common/search-lightee4c.png]
[cdn2.editmysite.com/images/common/social_iconsee4c.png]
[cdn2.editmysite.com/images/common/blog/blog-comment-buttonee4c.png]
[cdn2.editmysite.com/images/common/blog/blog-comment-headeree4c.png]
[cdn2.editmysite.com/images/common/blog/blog-comment-pointeree4c.png]
[cdn2.editmysite.com/images/common/blog/blog-comment-linkee4c.png]
[cdn2.editmysite.com/images/common/blog/blog-comment-header-authoree4c.png]
[cdn2.editmysite.com/images/common/blog/blog-comment-pointer-authoree4c.png]
[cdn2.editmysite.com/images/common/blog/blog-comment-field-bgee4c.png]
[cdn2.editmysite.com/images/common/blog/dark-blog-comment-headeree4c.png]
[cdn2.editmysite.com/images/common/blog/dark-blog-comment-pointeree4c.png]
[cdn2.editmysite.com/images/common/blog/dark-blog-comment-header-authoree4c.png]
[cdn2.editmysite.com/images/common/blog/dark-blog-comment-pointer-authoree4c.png]
[cdn2.editmysite.com/images/common/blog/dark-blog-comment-linkee4c.png]
[cdn2.editmysite.com/images/util/general/blank379a.gif]
[cdn2.editmysite.com/images/common/lightbox/prevlabelee4c.gif]
[cdn2.editmysite.com/images/common/lightbox/nextlabelee4c.gif]
[cdn2.editmysite.com/sprites/util/inputs/checkmarkBox-s7868418152.png]
[cdn2.editmysite.com/sprites/util/inputs/checkmarkBox/@2x-s211a47d318.png]
[cdn2.editmysite.com/images/util/inputs/search-input-bg379a.jpg]
[cdn2.editmysite.com/images/common/magnifying-glassee4c.png]
[cdn2.editmysite.com/images/common/checkmarks/checkmark-miniee4c.png]
[cdn2.editmysite.com/images/common/checkmarks/@2x/checkmark-miniee4c.png]
[cdn2.editmysite.com/images/common/search-pagination-bgee4c.png]
[cdn2.editmysite.com/images/util/general/top-triangle-000379a.png]
[cdn2.editmysite.com/images/util/general/bottom-triangle-000379a.png]
[cdn2.editmysite.com/images/util/general/top-triangle-000@2x379a.png]
[cdn2.editmysite.com/images/util/general/bottom-triangle-000@2x379a.png]
[cdn2.editmysite.com/sprites/common/social-icons-sfee29aebef.png]
[cdn2.editmysite.com/sprites/common/social-icons/@2x-sec9c934402.png]
[cdn2.editmysite.com/sprites/site/mini-cart-s86c48effae.png]
[cdn2.editmysite.com/sprites/site/mini-cart/@2x-s576cbc3f90.png]
[cdn2.editmysite.com/images/loading5f45.gif]
[cdn2.editmysite.com/sprites/site/mobile/commerce-sdf6d4e852c.png]
[cdn2.editmysite.com/sprites/site/mobile/commerce/@2x-s82f968c453.png]
[cdn2.editmysite.com/images/site/checkout/paypal379a.png]
[cdn2.editmysite.com/images/site/checkout/@2x/paypal379a.png]
[cdn2.editmysite.com/images/site/checkout/credit-cards379a.png]
[cdn2.editmysite.com/images/site/checkout/@2x/credit-cards379a.png]
[cdn2.editmysite.com/images/site/checkout/print379a.png]
[cdn2.editmysite.com/images/site/checkout/print@2x379a.png]
[cdn2.editmysite.com/images/vendor/select2/select2379a.png]
[cdn2.editmysite.com/images/vendor/select2/select2-spinner379a.gif]
[cdn2.editmysite.com/images/vendor/select2/select2x2379a.png]
[cdn2.editmysite.com/images/util/spinner/spinner-dark379a.png]
[cdn2.editmysite.com/images/util/spinner/spinner-light379a.png]
[cdn2.editmysite.com/images/util/loading-white-w24379a.gif]
[cdn2.editmysite.com/images/common/form_input_bgee4c.gif]
[cdn2.editmysite.com/images/blankee4c.gif]
[cdn2.editmysite.com/sprites/site/footer-s48158ed9f7.png]
[cdn2.editmysite.com/sprites/site/footer/@2x-s398696b4d5.png]
[cdn2.editmysite.com/css/sites4aea.css]
[cdn1.editmysite.com/editor/libraries/fancybox/fancybox_sprite.png]
[cdn1.editmysite.com/editor/libraries/fancybox/fancybox_loading.gif]
[cdn1.editmysite.com/editor/libraries/fancybox/blank.gif]
[cdn1.editmysite.com/editor/libraries/fancybox/fancybox_overlay.png]
[cdn1.editmysite.com/editor/libraries/fancybox/fancybox22cb.css]
[www.google-analytics.com/analytics.js]
[jtrent238.weebly.com/files/theme/footer-bg66a9.jpg]
[jtrent238.weebly.com/files/theme/header66a9.jpg]
[jtrent238.weebly.com/files/theme/ceiling-center66a9.jpg]
[jtrent238.weebly.com/files/theme/ceiling-left66a9.jpg]
[jtrent238.weebly.com/files/theme/ceiling-right66a9.jpg]
[jtrent238.weebly.com/files/theme/light-166a9.jpg]
[jtrent238.weebly.com/files/theme/light-266a9.jpg]
[jtrent238.weebly.com/files/theme/light-366a9.jpg]
[jtrent238.weebly.com/files/theme/social66a9.png]
[jtrent238.weebly.com/files/theme/social-brown66a9.png]
[jtrent238.weebly.com/files/theme/search-bg66a9.png]
[jtrent238.weebly.com/files/theme/search-icon66a9.png]
[jtrent238.weebly.com/files/theme/nav-bar66a9.png]
[jtrent238.weebly.com/files/theme/dropdown-bg66a9.jpg]
[jtrent238.weebly.com/files/theme/floor-left66a9.jpg]
[jtrent238.weebly.com/files/theme/floor-right66a9.jpg]
[jtrent238.weebly.com/files/theme/floor-center66a9.jpg]
[jtrent238.weebly.com/files/theme/banner-bg66a9.png]
[jtrent238.weebly.com/files/theme/banner-tall66a9.jpg]
[jtrent238.weebly.com/files/theme/banner-short66a9.jpg]
[jtrent238.weebly.com/files/theme/no-banner-bg66a9.png]
[jtrent238.weebly.com/files/theme/landing-page-banner66a9.png]
[jtrent238.weebly.com/files/theme/banner-landing66a9.jpg]
[jtrent238.weebly.com/files/theme/landing-page-banner-left66a9.png]
[jtrent238.weebly.com/files/theme/wall-bg66a9.jpg]
[jtrent238.weebly.com/files/theme/content-top66a9.jpg]
[jtrent238.weebly.com/files/theme/content-bg66a9.png]
[jtrent238.weebly.com/files/theme/content-bottom66a9.png]
[jtrent238.weebly.com/files/theme/footer-top66a9.png]
[jtrent238.weebly.com/files/theme/footer-top-shadow66a9.png]
[jtrent238.weebly.com/files/theme/footer-bottom66a9.png]
[jtrent238.weebly.com/files/theme/button-small66a9.png]
[jtrent238.weebly.com/files/theme/button_large66a9.png]
[jtrent238.weebly.com/files/theme/button_highlight66a9.png]
[jtrent238.weebly.com/files/theme/button_large_highlight66a9.png]
[jtrent238.weebly.com/files/main_style66a9.css]
[www.weebly.com/images/error_arrow_left.gif]
[cdn2.editmysite.com/js/site/main4aea.js]
[cdn2.editmysite.com/js/site/commerce-core4aea.js]
[cdn2.editmysite.com/js/site/main-commerce-browse4aea.js]
[cdn2.editmysite.com/js/lang/en/ftl4aea.js]
[cdn.adf.ly/images/banners/adfly.468x60.1.gif]
[cdn.adf.ly/images/banners/adfly.468x60.4.gif]
[cdn2.editmysite.com/css/sitesb9ca.css]
[cdn2.editmysite.com/js/site/mainb9ca.js]
[cdn2.editmysite.com/js/site/commerce-coreb9ca.js]
[cdn2.editmysite.com/js/site/main-commerce-browseb9ca.js]
[static.polldaddy.com/p/8209224a303.js]
[jtrent238.weebly.com/contact.html]
[cdn2.editmysite.com/css/sites7592.css]
[cdn2.editmysite.com/js/site/main7592.js]
[cdn2.editmysite.com/js/site/commerce-core7592.js]
[cdn2.editmysite.com/js/site/main-commerce-browse7592.js]
[jtrent238.weebly.com/survey.html]
[jtrent238.weebly.com/uploads/3/7/1/0/37102619/56184574299.png]
[jtrent238.weebly.com/uploads/3/7/1/0/37102619/1817463cfee.png]
[jtrent238.weebly.com/uploads/3/7/1/0/37102619/513402298f.png]
[jtrent238.weebly.com/resource-packs.html]
[jtrent238.weebly.com/uploads/3/7/1/0/37102619/4377546.png]
[jtrent238.weebly.com/uploads/3/7/1/0/37102619/5447433.png]
[jtrent238.weebly.com/uploads/3/7/1/0/37102619/7604413.png]
[jtrent238.weebly.com/uploads/3/7/1/0/37102619/8291870.png]
[jtrent238.weebly.com/uploads/3/7/1/0/37102619/2859526.png]
[jtrent238.weebly.com/uploads/3/7/1/0/37102619/9013472.png]
[jtrent238.weebly.com/uploads/3/7/1/0/37102619/1788207.png]
[jtrent238.weebly.com/uploads/3/7/1/0/37102619/3319929.png]
[jtrent238.weebly.com/uploads/3/7/1/0/37102619/header_images/1422670331.jpg]
[jtrent238.weebly.com/uploads/3/7/1/0/37102619/k4evil_mobs__by2jtrent238k.zip]
[www.weebly.com/weebly/images/file_icons/gz.png]
[jtrent238.weebly.com/uploads/3/7/1/0/37102619/4377546_orig.png]
[jtrent238.weebly.com/uploads/3/7/1/0/37102619/5447433_orig.png]
[jtrent238.weebly.com/uploads/3/7/1/0/37102619/7604413_orig.png]
[jtrent238.weebly.com/uploads/3/7/1/0/37102619/8291870_orig.png]
[jtrent238.weebly.com/uploads/3/7/1/0/37102619/2859526_orig.png]
[jtrent238.weebly.com/uploads/3/7/1/0/37102619/9013472_orig.png]
[jtrent238.weebly.com/uploads/3/7/1/0/37102619/1788207_orig.png]
[jtrent238.weebly.com/uploads/3/7/1/0/37102619/3319929_orig.png]
[jtrent238.weebly.com/evil-mobs-bull-byjtrent238.html]
[jtrent238.weebly.com/uploads/3/7/1/0/37102619/1229205.png]
[jtrent238.weebly.com/uploads/3/7/1/0/37102619/2609978.png]
[jtrent238.weebly.com/uploads/3/7/1/0/37102619/6173233.png]
[jtrent238.weebly.com/uploads/3/7/1/0/37102619/1633604.png]
[jtrent238.weebly.com/uploads/3/7/1/0/37102619/2862685.png]
[jtrent238.weebly.com/uploads/3/7/1/0/37102619/2204797.png]
[jtrent238.weebly.com/uploads/3/7/1/0/37102619/9929044.png]
[jtrent238.weebly.com/uploads/3/7/1/0/37102619/9726835.png]
[jtrent238.weebly.com/uploads/3/7/1/0/37102619/5404514.png]
[jtrent238.weebly.com/uploads/3/7/1/0/37102619/header_images/1422731883.jpg]
[jtrent238.weebly.com/uploads/3/7/1/0/37102619/k_dender_6_2by2jtrent238_k.zip]
[jtrent238.weebly.com/uploads/3/7/1/0/37102619/1229205_orig.png]
[jtrent238.weebly.com/uploads/3/7/1/0/37102619/2609978_orig.png]
[jtrent238.weebly.com/uploads/3/7/1/0/37102619/6173233_orig.png]
[jtrent238.weebly.com/uploads/3/7/1/0/37102619/1633604_orig.png]
[jtrent238.weebly.com/uploads/3/7/1/0/37102619/2862685_orig.png]
[jtrent238.weebly.com/uploads/3/7/1/0/37102619/2204797_orig.png]
[jtrent238.weebly.com/uploads/3/7/1/0/37102619/9929044_orig.png]
[jtrent238.weebly.com/uploads/3/7/1/0/37102619/9726835_orig.png]
[jtrent238.weebly.com/uploads/3/7/1/0/37102619/5404514_orig.png]
[jtrent238.weebly.com/uploads/3/7/1/0/37102619/6000352_orig.png]
[jtrent238.weebly.com/uploads/3/7/1/0/37102619/6000352.png]
[jtrent238.weebly.com/uploads/3/7/1/0/37102619/5338583_orig.png]
[jtrent238.weebly.com/uploads/3/7/1/0/37102619/5338583.png]
[jtrent238.weebly.com/uploads/3/7/1/0/37102619/3722925_orig.png]
[jtrent238.weebly.com/uploads/3/7/1/0/37102619/3722925.png]
[jtrent238.weebly.com/uploads/3/7/1/0/37102619/4262324_orig.png]
[jtrent238.weebly.com/uploads/3/7/1/0/37102619/4262324.png]
[jtrent238.weebly.com/uploads/3/7/1/0/37102619/9167265_orig.png]
[jtrent238.weebly.com/uploads/3/7/1/0/37102619/9167265.png]
[jtrent238.weebly.com/uploads/3/7/1/0/37102619/5343037_orig.png]
[jtrent238.weebly.com/uploads/3/7/1/0/37102619/5343037.png]
[jtrent238.weebly.com/uploads/3/7/1/0/37102619/7128941_orig.png]
[jtrent238.weebly.com/uploads/3/7/1/0/37102619/7128941.png]
[jtrent238.weebly.com/uploads/3/7/1/0/37102619/5649604_orig.png]
[jtrent238.weebly.com/uploads/3/7/1/0/37102619/5649604.png]
[jtrent238.weebly.com/uploads/3/7/1/0/37102619/3647956_orig.png]
[jtrent238.weebly.com/uploads/3/7/1/0/37102619/3647956.png]
[jtrent238.weebly.com/uploads/3/7/1/0/37102619/3528505_orig.png]
[jtrent238.weebly.com/uploads/3/7/1/0/37102619/3528505.png]
[jtrent238.weebly.com/uploads/3/7/1/0/37102619/8819815_orig.png]
[jtrent238.weebly.com/uploads/3/7/1/0/37102619/8819815.png]
[jtrent238.weebly.com/uploads/3/7/1/0/37102619/750652_orig.png]
[jtrent238.weebly.com/uploads/3/7/1/0/37102619/750652.png]
[jtrent238.weebly.com/uploads/3/7/1/0/37102619/5380908_orig.png]
[jtrent238.weebly.com/uploads/3/7/1/0/37102619/5380908.png]
[jtrent238.weebly.com/uploads/3/7/1/0/37102619/7101054_orig.png]
[jtrent238.weebly.com/uploads/3/7/1/0/37102619/7101054.png]
[jtrent238.weebly.com/uploads/3/7/1/0/37102619/2197729_orig.png]
[jtrent238.weebly.com/uploads/3/7/1/0/37102619/2197729.png]
[jtrent238.weebly.com/uploads/3/7/1/0/37102619/6906281_orig.png]
[jtrent238.weebly.com/uploads/3/7/1/0/37102619/6906281.png]
[jtrent238.weebly.com/uploads/3/7/1/0/37102619/842417_orig.png]
[jtrent238.weebly.com/uploads/3/7/1/0/37102619/842417.png]
[jtrent238.weebly.com/uploads/3/7/1/0/37102619/8301483_orig.png]
[jtrent238.weebly.com/uploads/3/7/1/0/37102619/8301483.png]
[jtrent238.weebly.com/uploads/3/7/1/0/37102619/4322234_orig.png]
[jtrent238.weebly.com/uploads/3/7/1/0/37102619/4322234.png]
[jtrent238.weebly.com/uploads/3/7/1/0/37102619/1632619_orig.png]
[jtrent238.weebly.com/uploads/3/7/1/0/37102619/1632619.png]
[jtrent238.weebly.com/uploads/3/7/1/0/37102619/5846557_orig.png]
[jtrent238.weebly.com/uploads/3/7/1/0/37102619/5846557.png]
[jtrent238.weebly.com/uploads/3/7/1/0/37102619/5959531_orig.png]
[jtrent238.weebly.com/uploads/3/7/1/0/37102619/5959531.png]
[jtrent238.weebly.com/uploads/3/7/1/0/37102619/1564710_orig.png]
[jtrent238.weebly.com/uploads/3/7/1/0/37102619/1564710.png]
[jtrent238.weebly.com/uploads/3/7/1/0/37102619/7607939_orig.png]
[jtrent238.weebly.com/uploads/3/7/1/0/37102619/7607939.png]
[jtrent238.weebly.com/uploads/3/7/1/0/37102619/6547073_orig.png]
[jtrent238.weebly.com/uploads/3/7/1/0/37102619/6547073.png]
[jtrent238.weebly.com/uploads/3/7/1/0/37102619/3076245_orig.png]
[jtrent238.weebly.com/uploads/3/7/1/0/37102619/3076245.png]
[jtrent238.weebly.com/uploads/3/7/1/0/37102619/5180133_orig.png]
[jtrent238.weebly.com/uploads/3/7/1/0/37102619/5180133.png]
[jtrent238.weebly.com/uploads/3/7/1/0/37102619/7214767_orig.png]
[jtrent238.weebly.com/uploads/3/7/1/0/37102619/7214767.png]
[jtrent238.weebly.com/uploads/3/7/1/0/37102619/1756547_orig.png]
[jtrent238.weebly.com/uploads/3/7/1/0/37102619/1756547.png]
[jtrent238.weebly.com/uploads/3/7/1/0/37102619/583940_orig.png]
[jtrent238.weebly.com/uploads/3/7/1/0/37102619/583940.png]
[jtrent238.weebly.com/uploads/3/7/1/0/37102619/5369155e96e.png]
[static.polldaddy.com/p/8689152bf2b.js]
[jtrent238.weebly.com/uploads/3/7/1/0/37102619/51131746f3e.png]
[jtrent238.weebly.com/ender-bull-by-jtrent238.html]
[jtrent238.weebly.com/uploads/3/7/1/0/37102619/4384160.png]
[jtrent238.weebly.com/uploads/3/7/1/0/37102619/6352939.png]
[jtrent238.weebly.com/uploads/3/7/1/0/37102619/2987804.png]
[jtrent238.weebly.com/uploads/3/7/1/0/37102619/header_images/1422842104.jpg]
[jtrent238.weebly.com/uploads/3/7/1/0/37102619/k_2realistic_2minecraft_6_2by2jtrent238_k.zip]
[jtrent238.weebly.com/uploads/3/7/1/0/37102619/4384160_orig.png]
[jtrent238.weebly.com/uploads/3/7/1/0/37102619/6352939_orig.png]
[jtrent238.weebly.com/uploads/3/7/1/0/37102619/2987804_orig.png]
[jtrent238.weebly.com/realistic-minecraftbull-by-jtrent238.html]
[jtrent238.weebly.com/uploads/3/7/1/0/37102619/1426803957.png]
[jtrent238.weebly.com/uploads/3/7/1/0/37102619/1426870412.png]
[jtrent238.weebly.com/uploads/3/7/1/0/37102619/8062134dd45.png]
[jtrent238.weebly.com/uploads/3/7/1/0/37102619/header_images/1425769637.jpg]
[jtrent238.weebly.com/minecraft-mods.html]
[jtrent238.weebly.com/uploads/3/7/1/0/37102619/717619.png]
[jtrent238.weebly.com/uploads/3/7/1/0/37102619/5986683.png]
[jtrent238.weebly.com/uploads/3/7/1/0/37102619/9195715.png]
[jtrent238.weebly.com/uploads/3/7/1/0/37102619/284298.png]
[jtrent238.weebly.com/uploads/3/7/1/0/37102619/7940391.png]
[jtrent238.weebly.com/uploads/3/7/1/0/37102619/4925024.png]
[jtrent238.weebly.com/uploads/3/7/1/0/37102619/8614027.png]
[jtrent238.weebly.com/uploads/3/7/1/0/37102619/9820534.png]
[jtrent238.weebly.com/uploads/3/7/1/0/37102619/4254845.png]
[jtrent238.weebly.com/uploads/3/7/1/0/37102619/6038033.png]
[jtrent238.weebly.com/uploads/3/7/1/0/37102619/header_images/1426722738.jpg]
[jtrent238.weebly.com/uploads/3/7/1/0/37102619/717619_orig.png]
[jtrent238.weebly.com/uploads/3/7/1/0/37102619/5986683_orig.png]
[jtrent238.weebly.com/uploads/3/7/1/0/37102619/9195715_orig.png]
[jtrent238.weebly.com/uploads/3/7/1/0/37102619/284298_orig.png]
[jtrent238.weebly.com/uploads/3/7/1/0/37102619/7940391_orig.png]
[jtrent238.weebly.com/uploads/3/7/1/0/37102619/4925024_orig.png]
[jtrent238.weebly.com/uploads/3/7/1/0/37102619/8614027_orig.png]
[jtrent238.weebly.com/uploads/3/7/1/0/37102619/9820534_orig.png]
[jtrent238.weebly.com/uploads/3/7/1/0/37102619/4254845_orig.png]
[jtrent238.weebly.com/uploads/3/7/1/0/37102619/6038033_orig.png]
[jtrent238.weebly.com/uploads/3/7/1/0/37102619/4558651_orig.png]
[jtrent238.weebly.com/uploads/3/7/1/0/37102619/4558651.png]
[jtrent238.weebly.com/uploads/3/7/1/0/37102619/2556215_orig.png]
[jtrent238.weebly.com/uploads/3/7/1/0/37102619/2556215.png]
[jtrent238.weebly.com/uploads/3/7/1/0/37102619/8680996_orig.png]
[jtrent238.weebly.com/uploads/3/7/1/0/37102619/8680996.png]
[jtrent238.weebly.com/uploads/3/7/1/0/37102619/6927867_orig.png]
[jtrent238.weebly.com/uploads/3/7/1/0/37102619/6927867.png]
[jtrent238.weebly.com/uploads/3/7/1/0/37102619/539541_orig.png]
[jtrent238.weebly.com/uploads/3/7/1/0/37102619/539541.png]
[jtrent238.weebly.com/uploads/3/7/1/0/37102619/7255462_orig.png]
[jtrent238.weebly.com/uploads/3/7/1/0/37102619/7255462.png]
[jtrent238.weebly.com/uploads/3/7/1/0/37102619/1287036_orig.png]
[jtrent238.weebly.com/uploads/3/7/1/0/37102619/1287036.png]
[jtrent238.weebly.com/uploads/3/7/1/0/37102619/3341958_orig.png]
[jtrent238.weebly.com/uploads/3/7/1/0/37102619/3341958.png]
[jtrent238.weebly.com/uploads/3/7/1/0/37102619/3501982_orig.png]
[jtrent238.weebly.com/uploads/3/7/1/0/37102619/3501982.png]
[jtrent238.weebly.com/uploads/3/7/1/0/37102619/33844_orig.png]
[jtrent238.weebly.com/uploads/3/7/1/0/37102619/33844.png]
[jtrent238.weebly.com/uploads/3/7/1/0/37102619/8969755_orig.png]
[jtrent238.weebly.com/uploads/3/7/1/0/37102619/8969755.png]
[jtrent238.weebly.com/uploads/3/7/1/0/37102619/4179114_orig.png]
[jtrent238.weebly.com/uploads/3/7/1/0/37102619/4179114.png]
[jtrent238.weebly.com/uploads/3/7/1/0/37102619/1228758_orig.png]
[jtrent238.weebly.com/uploads/3/7/1/0/37102619/1228758.png]
[jtrent238.weebly.com/uploads/3/7/1/0/37102619/3487453_orig.png]
[jtrent238.weebly.com/uploads/3/7/1/0/37102619/3487453.png]
[jtrent238.weebly.com/uploads/3/7/1/0/37102619/8092221_orig.png]
[jtrent238.weebly.com/uploads/3/7/1/0/37102619/8092221.png]
[jtrent238.weebly.com/uploads/3/7/1/0/37102619/3210058_orig.png]
[jtrent238.weebly.com/uploads/3/7/1/0/37102619/3210058.png]
[jtrent238.weebly.com/uploads/3/7/1/0/37102619/8372332_orig.png]
[jtrent238.weebly.com/uploads/3/7/1/0/37102619/8372332.png]
[jtrent238.weebly.com/sword-craft.html]
[jtrent238.weebly.com/uploads/3/7/1/0/37102619/1642547469b04.png]
[jtrent238.weebly.com/uploads/3/7/1/0/37102619/2208124_orig.png]
[jtrent238.weebly.com/uploads/3/7/1/0/37102619/7495680_orig.png]
[jtrent238.weebly.com/uploads/3/7/1/0/37102619/9312286_orig.png]
[jtrent238.weebly.com/uploads/3/7/1/0/37102619/6820733_orig.png]
[jtrent238.weebly.com/uploads/3/7/1/0/37102619/6345761_orig.png]
[jtrent238.weebly.com/uploads/3/7/1/0/37102619/804332_orig.png]
[jtrent238.weebly.com/uploads/3/7/1/0/37102619/7645693_orig.png]
[jtrent238.weebly.com/uploads/3/7/1/0/37102619/2670229_orig.png]
[jtrent238.weebly.com/uploads/3/7/1/0/37102619/5201636_orig.png]
[jtrent238.weebly.com/uploads/3/7/1/0/37102619/header_images/1426870475.jpg]
[jtrent238.weebly.com/uploads/3/7/1/0/37102619/4350218_orig.png]
[jtrent238.weebly.com/uploads/3/7/1/0/37102619/1852251_orig.png]
[jtrent238.weebly.com/uploads/3/7/1/0/37102619/7879080_orig.png]
[jtrent238.weebly.com/uploads/3/7/1/0/37102619/8915383_orig.png]
[jtrent238.weebly.com/uploads/3/7/1/0/37102619/3095254_orig.png]
[jtrent238.weebly.com/uploads/3/7/1/0/37102619/2397142_orig.png]
[www.editmysite.com/editor/images/na.png]
[jtrent238.weebly.com/uploads/3/7/1/0/37102619/2916438_orig.png]
[jtrent238.weebly.com/uploads/3/7/1/0/37102619/7385374_orig.png]
[jtrent238.weebly.com/uploads/3/7/1/0/37102619/3709167_orig.png]
[jtrent238.weebly.com/uploads/3/7/1/0/37102619/1442434_orig.png]
[jtrent238.weebly.com/uploads/3/7/1/0/37102619/3882313_orig.png]
[jtrent238.weebly.com/uploads/3/7/1/0/37102619/8928852_orig.png]
[jtrent238.weebly.com/uploads/3/7/1/0/37102619/9834296_orig.png]
[jtrent238.weebly.com/uploads/3/7/1/0/37102619/7655946_orig.png]
[jtrent238.weebly.com/uploads/3/7/1/0/37102619/825936_orig.png]
[jtrent238.weebly.com/uploads/3/7/1/0/37102619/8880053_orig.png]
[jtrent238.weebly.com/uploads/3/7/1/0/37102619/208151_orig.png]
[jtrent238.weebly.com/uploads/3/7/1/0/37102619/7615493_orig.png]
[jtrent238.weebly.com/uploads/3/7/1/0/37102619/2569537_orig.png]
[jtrent238.weebly.com/uploads/3/7/1/0/37102619/2569537.png]
[jtrent238.weebly.com/uploads/3/7/1/0/37102619/7909762_orig.png]
[jtrent238.weebly.com/uploads/3/7/1/0/37102619/7909762.png]
[jtrent238.weebly.com/uploads/3/7/1/0/37102619/2570591_orig.png]
[jtrent238.weebly.com/uploads/3/7/1/0/37102619/2570591.png]
[jtrent238.weebly.com/uploads/3/7/1/0/37102619/8211974_orig.png]
[jtrent238.weebly.com/uploads/3/7/1/0/37102619/8211974.png]
[jtrent238.weebly.com/uploads/3/7/1/0/37102619/9867088_orig.png]
[jtrent238.weebly.com/uploads/3/7/1/0/37102619/9867088.png]
[jtrent238.weebly.com/uploads/3/7/1/0/37102619/4724387_orig.png]
[jtrent238.weebly.com/uploads/3/7/1/0/37102619/4724387.png]
[jtrent238.weebly.com/uploads/3/7/1/0/37102619/2914055_orig.png]
[jtrent238.weebly.com/uploads/3/7/1/0/37102619/2914055.png]
[jtrent238.weebly.com/uploads/3/7/1/0/37102619/9812224_orig.png]
[jtrent238.weebly.com/uploads/3/7/1/0/37102619/9812224.png]
[jtrent238.weebly.com/uploads/3/7/1/0/37102619/4124003_orig.png]
[jtrent238.weebly.com/uploads/3/7/1/0/37102619/4124003.png]
[jtrent238.weebly.com/uploads/3/7/1/0/37102619/8291812_orig.png]
[jtrent238.weebly.com/uploads/3/7/1/0/37102619/8291812.png]
[jtrent238.weebly.com/uploads/3/7/1/0/37102619/1902158_orig.png]
[jtrent238.weebly.com/uploads/3/7/1/0/37102619/1902158.png]
[jtrent238.weebly.com/uploads/3/7/1/0/37102619/5486535_orig.png]
[jtrent238.weebly.com/uploads/3/7/1/0/37102619/5486535.png]
[jtrent238.weebly.com/uploads/3/7/1/0/37102619/1220304_orig.png]
[jtrent238.weebly.com/uploads/3/7/1/0/37102619/1220304.png]
[jtrent238.weebly.com/uploads/3/7/1/0/37102619/2533314_orig.png]
[jtrent238.weebly.com/uploads/3/7/1/0/37102619/2533314.png]
[jtrent238.weebly.com/uploads/3/7/1/0/37102619/5088584_orig.png]
[jtrent238.weebly.com/uploads/3/7/1/0/37102619/5088584.png]
[jtrent238.weebly.com/uploads/3/7/1/0/37102619/6369605_orig.png]
[jtrent238.weebly.com/uploads/3/7/1/0/37102619/6369605.png]
[jtrent238.weebly.com/uploads/3/7/1/0/37102619/3132926_orig.png]
[jtrent238.weebly.com/uploads/3/7/1/0/37102619/3132926.png]
[jtrent238.weebly.com/uploads/3/7/1/0/37102619/1835284_orig.png]
[jtrent238.weebly.com/uploads/3/7/1/0/37102619/1835284.png]
[jtrent238.weebly.com/creeper-craft.html]
[jtrent238.weebly.com/uploads/3/7/1/0/37102619/1852988.png]
[jtrent238.weebly.com/uploads/3/7/1/0/37102619/9391837.png]
[jtrent238.weebly.com/uploads/3/7/1/0/37102619/4387274.png]
[jtrent238.weebly.com/uploads/3/7/1/0/37102619/3926677.png]
[jtrent238.weebly.com/uploads/3/7/1/0/37102619/6798799.png]
[jtrent238.weebly.com/uploads/3/7/1/0/37102619/1750478.png]
[jtrent238.weebly.com/uploads/3/7/1/0/37102619/423030.png]
[jtrent238.weebly.com/uploads/3/7/1/0/37102619/6696266.png]
[jtrent238.weebly.com/uploads/3/7/1/0/37102619/2007241.png]
[jtrent238.weebly.com/uploads/3/7/1/0/37102619/596491.png]
[jtrent238.weebly.com/uploads/3/7/1/0/37102619/header_images/1427056510.jpg]
[jtrent238.weebly.com/uploads/3/7/1/0/37102619/1852988_orig.png]
[jtrent238.weebly.com/uploads/3/7/1/0/37102619/9391837_orig.png]
[jtrent238.weebly.com/uploads/3/7/1/0/37102619/4387274_orig.png]
[jtrent238.weebly.com/uploads/3/7/1/0/37102619/3926677_orig.png]
[jtrent238.weebly.com/uploads/3/7/1/0/37102619/6798799_orig.png]
[jtrent238.weebly.com/uploads/3/7/1/0/37102619/1750478_orig.png]
[jtrent238.weebly.com/uploads/3/7/1/0/37102619/423030_orig.png]
[jtrent238.weebly.com/uploads/3/7/1/0/37102619/6696266_orig.png]
[jtrent238.weebly.com/uploads/3/7/1/0/37102619/2007241_orig.png]
[jtrent238.weebly.com/uploads/3/7/1/0/37102619/596491_orig.png]
[jtrent238.weebly.com/uploads/3/7/1/0/37102619/4835472_orig.png]
[jtrent238.weebly.com/uploads/3/7/1/0/37102619/4835472.png]
[jtrent238.weebly.com/uploads/3/7/1/0/37102619/1662781_orig.png]
[jtrent238.weebly.com/uploads/3/7/1/0/37102619/1662781.png]
[jtrent238.weebly.com/uploads/3/7/1/0/37102619/717164_orig.png]
[jtrent238.weebly.com/uploads/3/7/1/0/37102619/717164.png]
[jtrent238.weebly.com/uploads/3/7/1/0/37102619/908001_orig.png]
[jtrent238.weebly.com/uploads/3/7/1/0/37102619/908001.png]
[jtrent238.weebly.com/uploads/3/7/1/0/37102619/9597456_orig.png]
[jtrent238.weebly.com/uploads/3/7/1/0/37102619/9597456.png]
[jtrent238.weebly.com/uploads/3/7/1/0/37102619/9939388_orig.png]
[jtrent238.weebly.com/uploads/3/7/1/0/37102619/9939388.png]
[jtrent238.weebly.com/potions.html]
[jtrent238.weebly.com/uploads/3/7/1/0/37102619/2571377bca8.png]
[jtrent238.weebly.com/uploads/3/7/1/0/37102619/header_images/1427156519.jpg]
[jtrent238.weebly.com/minecraft-mod-addons.html]
[jtrent238.weebly.com/uploads/3/7/1/0/37102619/header_images/1427156709.jpg]
[jtrent238.weebly.com/thirst-mod.html]
[jtrent238.weebly.com/minecraft-maps.html]
[jtrent238.weebly.com/jtrent238s-mini-survival.html]
[jtrent238.weebly.com/uploads/3/7/1/0/37102619/10950027f10.jpg]
[jtrent238.weebly.com/uploads/3/7/1/0/37102619/89506630e01.jpg]
[jtrent238.weebly.com/uploads/3/7/1/0/37102619/6674734ed.jpg]
[cdn.adf.ly/images/banners/adfly.468x60.3.gif]
[jtrent238.weebly.com/minecraft-versions.html]
[jtrent238.weebly.com/uploads/3/7/1/0/37102619/6911163.jpg]
[jtrent238.weebly.com/uploads/3/7/1/0/37102619/623627.png]
[jtrent238.weebly.com/uploads/3/7/1/0/37102619/5628351.jpg]
[jtrent238.weebly.com/uploads/3/7/1/0/37102619/6695921.png]
[jtrent238.weebly.com/uploads/3/7/1/0/37102619/header_images/1423863420.jpg]
[jtrent238.weebly.com/uploads/3/7/1/0/37102619/6911163_orig.jpg]
[jtrent238.weebly.com/uploads/3/7/1/0/37102619/623627_orig.png]
[jtrent238.weebly.com/uploads/3/7/1/0/37102619/5628351_orig.jpg]
[jtrent238.weebly.com/uploads/3/7/1/0/37102619/6695921_orig.png]
[jtrent238.weebly.com/181---broken.html]
[cdn2.editmysite.com/css/sites441a.css]
[cdn2.editmysite.com/js/site/main441a.js]
[cdn2.editmysite.com/js/site/commerce-core441a.js]
[cdn2.editmysite.com/js/site/main-commerce-browse441a.js]
[static.polldaddy.com/p/876324219e6.js]
[jtrent238.weebly.com/minecraft-1831-microsoft.html]
[jtrent238.weebly.com/uploads/3/7/1/0/37102619/1956476a597.png]
[jtrent238.weebly.com/uploads/3/7/1/0/37102619/3420066_orig.png]
[jtrent238.weebly.com/uploads/3/7/1/0/37102619/4122590_orig.png]
[jtrent238.weebly.com/uploads/3/7/1/0/37102619/632630.png]
[jtrent238.weebly.com/uploads/3/7/1/0/37102619/3009087.png]
[jtrent238.weebly.com/uploads/3/7/1/0/37102619/3474860.png]
[jtrent238.weebly.com/uploads/3/7/1/0/37102619/235892.png]
[jtrent238.weebly.com/uploads/3/7/1/0/37102619/1497731.png]
[jtrent238.weebly.com/uploads/3/7/1/0/37102619/5947767.png]
[jtrent238.weebly.com/uploads/3/7/1/0/37102619/9837374.png]
[cdn2.editmysite.com/css/sitescb67.css]
[cdn2.editmysite.com/js/site/maincb67.js]
[cdn2.editmysite.com/js/site/commerce-corecb67.js]
[cdn2.editmysite.com/js/site/main-commerce-browsecb67.js]
[jtrent238.weebly.com/uploads/3/7/1/0/37102619/1956476_origa597.png]
[static.polldaddy.com/p/8641095bc3d.js]
[jtrent238.weebly.com/uploads/3/7/1/0/37102619/632630_orig.png]
[jtrent238.weebly.com/uploads/3/7/1/0/37102619/3009087_orig.png]
[jtrent238.weebly.com/uploads/3/7/1/0/37102619/3474860_orig.png]
[jtrent238.weebly.com/uploads/3/7/1/0/37102619/235892_orig.png]
[jtrent238.weebly.com/uploads/3/7/1/0/37102619/1497731_orig.png]
[jtrent238.weebly.com/uploads/3/7/1/0/37102619/5947767_orig.png]
[jtrent238.weebly.com/uploads/3/7/1/0/37102619/9837374_orig.png]
[jtrent238.weebly.com/uploads/3/7/1/0/37102619/8900065_orig.png]
[jtrent238.weebly.com/uploads/3/7/1/0/37102619/8900065.png]
[jtrent238.weebly.com/uploads/3/7/1/0/37102619/9596277_orig.png]
[jtrent238.weebly.com/uploads/3/7/1/0/37102619/9596277.png]
[cdn.adf.ly/js/entry.js]
[jtrent238.weebly.com/minecraft-20-april-fools.html]
[jtrent238.weebly.com/uploads/3/7/1/0/37102619/header_images/1423941400.jpg]
[jtrent238.weebly.com/technic-launcher.html]
[jtrent238.weebly.com/forum.html]
[jtrent238.weebly.com/chat.html]
[jtrent238.weebly.com/uploads/3/7/1/0/37102619/2193086_orig.png]
[cdn2.editmysite.com/css/sites9f99.css]
[cdn2.editmysite.com/js/site/main9f99.js]
[cdn2.editmysite.com/js/site/commerce-core9f99.js]
[cdn2.editmysite.com/js/site/main-commerce-browse9f99.js]
[jtrent238.weebly.com/1/feed]
[cdn1.editmysite.com/editor/images/common/bg_feed.gif]
[jtrent238.weebly.com/blog.html]
[jtrent238.weebly.com/tools.html]
[jtrent238.weebly.com/minecraft-skin-avatar-maker.html]
[jtrent238.weebly.com/minecraft-skin-creator.html]
[jtrent238.weebly.com/uploads/3/7/1/0/37102619/2522225_orig.png]
[jtrent238.weebly.com/uploads/3/7/1/0/37102619/5126229f73b.png]
[jtrent238.weebly.com/uploads/3/7/1/0/37102619/1204540_orig.png]
[jtrent238.weebly.com/uploads/3/7/1/0/37102619/header_images/1434337439.jpg]
[jtrent238.weebly.com/uploads/3/7/1/0/37102619/teamviewerqs_en.exe]
[jtrent238.weebly.com/uploads/3/7/1/0/37102619/teamviewer_host_setup.exe]
[jtrent238.weebly.com/uploads/3/7/1/0/37102619/teamviewerqj_en.exe]
[jtrent238.weebly.com/uploads/3/7/1/0/37102619/teamviewerqs.exe]
[jtrent238.weebly.com/support.html]
[counter7.allfreecounter.com_8080/private/pointeur/pointeur2716.gif]
[counter7.allfreecounter.com/private/counterc241.html]
[connect.facebook.net/en_US/sdk.js]
[cdn2.editmysite.com/js/site/footerSignupab0c.js]
[cdn.adf.ly/js/display.js]
[jtrent238.weebly.com/mustache.html]
[jtrent238.weebly.com/formSubmit.html]
[jtrent238.weebly.com/formSubmitAjax.html]
[jtrent238.weebly.com/o.html]
[cdn2.editmysite.com/css/sitesb9ca.css]
[cdn2.editmysite.com/js/site/mainb9ca.js]
[cdn2.editmysite.com/js/site/commerce-coreb9ca.js]
[cdn2.editmysite.com/js/site/main-commerce-browseb9ca.js]
[cdn2.editmysite.com/js/lang/en/ftlb9ca.js]
[cdn2.editmysite.com/css/sites7592.css]
[cdn2.editmysite.com/js/site/main7592.js]
[cdn2.editmysite.com/js/site/commerce-core7592.js]
[cdn2.editmysite.com/js/site/main-commerce-browse7592.js]
[cdn2.editmysite.com/js/lang/en/ftl7592.js]
[jtrent238.weebly.com/www.weebly.com/weebly/images/file_icons/gz.html]
[cdn2.editmysite.com/css/sites441a.css]
[cdn2.editmysite.com/js/site/main441a.js]
[cdn2.editmysite.com/js/site/commerce-core441a.js]
[cdn2.editmysite.com/js/site/main-commerce-browse441a.js]
[cdn2.editmysite.com/js/lang/en/ftl441a.js]
[cdn2.editmysite.com/css/sitescb67.css]
[cdn2.editmysite.com/js/site/maincb67.js]
[cdn2.editmysite.com/js/site/commerce-corecb67.js]
[cdn2.editmysite.com/js/site/main-commerce-browsecb67.js]
[cdn2.editmysite.com/js/lang/en/ftlcb67.js]
[cdn.adf.ly/js/entry.js]
[cdn2.editmysite.com/css/sites9f99.css]
[cdn2.editmysite.com/js/site/main9f99.js]
[cdn2.editmysite.com/js/site/commerce-core9f99.js]
[cdn2.editmysite.com/js/site/main-commerce-browse9f99.js]
[cdn2.editmysite.com/js/lang/en/ftl9f99.js]
[jtrent238.weebly.com/blog/kill-switch-minecraft-map-lets-play.html]
[jtrent238.weebly.com/blog/creeper-craft.html]
[cdn2.editmysite.com/css/sitesae55.css]
[cdn2.editmysite.com/js/site/mainae55.js]
[cdn2.editmysite.com/js/site/commerce-coreae55.js]
[cdn2.editmysite.com/js/site/main-commerce-browseae55.js]
[jtrent238.weebly.com/blog/sword-craft.html]
[jtrent238.weebly.com/blog/birthday-cake-survival.html]
[jtrent238.weebly.com/blog/just-started-minecraft-1x1x1-block-survival-series.html]
[cdn2.editmysite.com/css/sitesbbe7.css]
[cdn2.editmysite.com/js/site/mainbbe7.js]
[cdn2.editmysite.com/js/site/commerce-corebbe7.js]
[cdn2.editmysite.com/js/site/main-commerce-browsebbe7.js]
[jtrent238.weebly.com/blog/got-rubiez.html]
[jtrent238.weebly.com/blog/archives/04-2015.html]
[jtrent238.weebly.com/blog/archives/03-2015.html]
[jtrent238.weebly.com/blog/archives/02-2015.html]
[jtrent238.weebly.com/blog/category/all.html]
[jtrent238.weebly.com/weebly/mainc203.html]
[jtrent238.weebly.com/ABCDEFGHIJKLMNOPQRSTUVWXYZabcdefghijklmnopqrstuvwxyz0123456789+/index.html]
[jtrent238.weebly.com/restserver.html]
[jtrent238.weebly.com/dialog/index.html]
[jtrent238.weebly.com/%s/profile4d6d.html]
[cdn2.editmysite.com/css/sitesae55.css]
[jtrent238.weebly.com/uploads/3/7/1/0/37102619/teamviewer_host_setup.exe]
[jtrent238.weebly.com/uploads/3/7/1/0/37102619/teamviewerqj_en.exe]
[cdn2.editmysite.com/js/site/mainae55.js]
[cdn2.editmysite.com/js/site/commerce-coreae55.js]
[cdn2.editmysite.com/js/site/main-commerce-browseae55.js]
[cdn2.editmysite.com/js/lang/en/ftlae55.js]
[cdn2.editmysite.com/css/sitesbbe7.css]
[cdn2.editmysite.com/js/site/mainbbe7.js]
[cdn2.editmysite.com/js/site/commerce-corebbe7.js]
[cdn2.editmysite.com/js/site/main-commerce-browsebbe7.js]
[cdn2.editmysite.com/js/lang/en/ftlbbe7.js]
[jtrent238.weebly.com/blog/index.html]
[jtrent238.weebly.com/blog/mustache.html]
[jtrent238.weebly.com/blog/formSubmit.html]
[jtrent238.weebly.com/blog/formSubmitAjax.html]
[jtrent238.weebly.com/blog/o.html]
